---
source: tests/cli.rs
expression: "format!(\"{out}\")"
input_file: tests/images/flip_vertical1.gleam
---
<svg width="64.7213595499958" height="92.3305061152576" xmlns="http://www.w3.org/2000/svg">
  <g>
    <polygon points="32.3606797749979,0.0 52.3606797749979,61.55367074350507 0.0,23.511410091698917 64.7213595499958,23.511410091698927 12.360679774997902,61.55367074350507" fill="rgba(178, 34, 34, 1.0)" />
    <polygon points="32.3606797749979,92.3305061152576 52.3606797749979,61.55367074350507 0.0,80.57480106940815 64.7213595499958,80.57480106940815 12.360679774997902,61.55367074350507" fill="rgba(128, 128, 128, 1.0)" />
  </g>
</svg>
