---
source: tests/cli.rs
expression: "formatdoc!\n{\n    \"\n            STDOUT\n            {out}\n            STDERR\n            {err}\"\n}"
input_file: tests/inputs/main_panic.gleam
---
STDOUT
Error at tests/inputs/main_panic.gleam (main:2)
  `panic` expression evaluated.

STDERR
